Type: int
Value: (-8)
Type: bool
Value: true
Type: float
Value: (-0.726736938581)
Type: bool
Value: false
Type: bool
Value: false
Type: float
Value: 7.66574516706
Type: int array option
Value: None
Type: float
Value: (-0.832550805062)
Type: int
Value: 2
Type: unit
Value: ()
Type: (llm =
         {
           l___: int;
           l____: float;
           lMMM: unit;
           m: string;
         })
Value: {l___ = 8; l____ = 6.68766626716; lMMM = (); m = ""}
Type: string list option
Value: Some ["UR"]
Type: float
Value: (-6.08185204491)
Type: float
Value: (-0.169677799568)
Type: bool
Value: true
Type: float
Value: (-0.605384733528)
Type: bool
Value: true
Type: float
Value: 1.6629260201
Type: float
Value: 6.93821501546
Type: float
Value: (-2.95146084018)
Type: bool
Value: true
Type: float
Value: 4.47026727721
Type: string
Value: "U"
Type: bool list
Value: [true; true; true; false; true]
Type: (mlpnoo =
         | Njj
         | Ppppp
         | J of (int * float))
Value: Ppppp
Type: float
Value: (-8.34662305377)
Type: bool
Value: true
Type: float list
Value: [0.295829176903]
Type: bool
Value: false
Type: int
Value: 6
Type: (string
       *
       (int list * bool * int option)
       *
       int
       *
       (int
        *
        (int
         *
         (jpkqqonjkq =
            | L66666 of bool
            | OLLLLLL of (float * bool)
            | LO of
             (string
              *
              int
              *
              string
              *
              (o =
                 | P7777 of
                  (float
                   *
                   int
                   *
                   (p =
                      | M of bool
                      | Ollllll of int
                      | N______
                      | L888 of
                       (float
                        *
                        (joo =
                           {
                             oNNNNNN: int;
                             m______: float;
                             i____: bool;
                           })
                        *
                        bool)
                      | P of string))
                 | K
                 | N
                 | P__ of (unit * string)
                 | PKKKKK of ((float * unit) * string * int * int)))
            | JQQQ of ((bool * bool * float * int) * string * string * bool)) list
         *
         bool
         *
         string)
        *
        (q =
           {
             m5555: string;
             k11111: string;
             ljjj: float;
             q: unit;
             l7777: 
             (nqinlkm =
                {
                  pmmmmmm: bool;
                });
           })))
Value: ("TRO", ([(-4); 1; 2; (-1)], true, Some 4), (-8),
        ((-6), ((-1), [OLLLLLL (0.372465454042, false)], false, "Q"),
         {m5555 = "NJ";
          k11111 = "MO";
          ljjj = 1.80609724671;
          q = ();
          l7777 = {pmmmmmm = false}}))
Type: bool
Value: true
Type: string list
Value: ["OI"; "K"; "NN"; "IQTK"]
Type: (m =
         | Oqq of
          (ipnhmj =
             {
               r5: bool;
             })) option array
Value: [|Some (Oqq {r5 = false})|]
Type: string
Value: "JF"
Type: (hooqnjp =
         {
           kLLL: float;
         })
Value: {kLLL = 0.867790102959}
Type: float
Value: (-0.0199229121208)
Type: bool
Value: false
Type: bool
Value: false
Type: (j =
         | L_ of (int * string * string option * int)
         | Ollllll of (int * int)
         | Rqqqqqq of (bool * float)
         | Jmm of (int array * float * int * bool))
Value: Jmm ([|(-2)|], (-3.21997129172), (-2), false)
Type: float
Value: 3.49551822245
Type: bool
Value: false
Type: string
Value: "GWFF"
Type: float
Value: 2.78587498516
Type: float
Value: (-8.62680137716)
Type: bool
Value: false
Type: bool
Value: false
Type: float
Value: 1.03791576438
Type: bool
Value: false
Type: bool
Value: true
Type: bool
Value: false
Type: float
Value: 6.91571242176
Type: bool option
Value: None
Type: string
Value: ""
Type: int
Value: (-5)
Type: unit
Value: ()
Type: (u =
         | P______ of
          (gg =
             {
               m_: 
               (sls =
                  | L555 of (bool * float)
                  | K______ of (float * (bool option * string) * string * float));
               i___: string;
             }))
Value: P______
        {m_ = K______ (0.862855944782, (Some true, ""), "", 0.0678518041968);
        i___ = "P"}
Type: int
Value: 5
Type: bool option
Value: Some true
Type: int
Value: 1
Type: string
Value: "QRN"
Type: float
Value: (-0.131442943588)
Type: float
Value: (-2.71974756941)
Type: int
Value: (-3)
Type: float
Value: 6.6916341763
Type: bool
Value: false
Type: string
Value: "NJ"
Type: (unit * int)
Value: ((), 4)
Type: bool
Value: false
Type: float
Value: (-1.15411953628)
Type: string
Value: "R"
Type: string
Value: "TXMI"
Type: float
Value: 7.28440127894
Type: bool list
Value: [false; false; false; false]
Type: string
Value: "TGRJ"
Type: string
Value: ""
Type: unit
Value: ()
Type: int
Value: (-8)
Type: bool
Value: true
Type: string
Value: "HTKV"
Type: float
Value: (-2.96703346074)
Type: int
Value: (-1)
Type: unit
Value: ()
Type: bool option
Value: None
Type: (idffpywivr =
         | H000000 of (bool * string * bool * float array * int * bool * float * string * unit))
Value: H000000 (true, "PS", true, [|1.76102723368; 2.58578483574|], (-1),
        false, 3.64284520596, "R", ())
Type: string
Value: ""
Type: int
Value: 4
Type: int
Value: 9
Type: bool array
Value: [|true|]
Type: string
Value: ""
Type: string
Value: "FIQ"
Type: unit
Value: ()
Type: bool
Value: false
Type: float
Value: 4.46564893238
Type: (string * float * string option)
Value: ("KGVP", (-0.723065301776), None)
Type: string list
Value: []
Type: string
Value: "UIMT"
Type: bool
Value: false
Type: unit
Value: ()
Type: int
Value: (-8)
Type: float
Value: 5.14485806599
Type: bool
Value: true
Type: float array
Value: [|(-7.74153405428); 7.57578535378; (-3.09495897591);
         (-5.57386896014)|]
Type: float
Value: 0.911281552166
Type: int
Value: 3
Type: int
Value: 0
Type: bool
Value: true
Type: float
Value: inf
Type: string
Value: "JQI"
Type: float
Value: (-2.18654659577)
Type: string
Value: "VJ"
Value: 8.33330764621
Variant: 8.33330764621
Value: ">V"
Variant: ">V"
Value: [16.1689127982; (-5.42874649167); (-inf); (-17.3690857366);
         (-9.07264258713); 8.35078120232; (-9.31772340089); (-4.61550354958);
         (-14.7783637047)]
Variant: [16.1689127982; -5.42874649167; -inf; -17.3690857366;
-9.07264258713; 8.35078120232; -9.31772340089; -4.61550354958;
-14.7783637047]
Value: false
Variant: false
Value: ()
Variant: ()
Value: {m = false; mmm = 13.1407660618}
Variant: {m = false; mmm = 13.1407660618}
Value: ()
Variant: ()
Value: "@;K`^PE"
Variant: "@;K`^PE"
Value: (-13.2358297203)
Variant: -13.2358297203
Value: false
Variant: false
Value: ()
Variant: ()
Value: false
Variant: false
Value: 18.4264543913
Variant: 18.4264543913
Value: "U]"
Variant: "U]"
Value: Some
        [|(-6.50351943262); 9.83174077421; 8.71562299505; (-15.1220885385)|]
Variant: Some[|-6.50351943262; 9.83174077421; 8.71562299505;
-15.1220885385|]
Value: [true; false]
Variant: [true; false]
Value: "GbTXDK"
Variant: "GbTXDK"
Value: Some
        [(17, true, "BJaEJGWJ>"); ((-3), true, "`IOM\\W>");
          ((-14), true, "WQ\\_TM?FH"); (2, false, "IJMX"); (4, true, "STW=");
          (9, true, "CZG\\EHXH")]
Variant: Some[(17, true, "BJaEJGWJ>"); (-3, true, "`IOM\\W>"); (-14, true,
"WQ\\_TM?FH"); (2, false, "IJMX"); (4, true, "STW=");
(9, true, "CZG\\EHXH")]
Value: false
Variant: false
Value: "V"
Variant: "V"
Value: Some (-19)
Variant: Some )-19)
Value: "b[FRdV\\_"
Variant: "b[FRdV\\_"
Value: (O55555 ((-6.74854681268), (-0.885871360078), 9), (-12.9982126132),
        J______ {nJJJJ = "MM"; lNNNNNN = "U"; onnnnn = 1; pjjj = "PUI"},
        true)
Variant: (O55555(-6.74854681268, -0.885871360078, 9), -12.9982126132,
J______{nJJJJ = "MM"; lNNNNNN = "U"; onnnnn = 1; pjjj = "PUI"},
true)
Value: "`\\"
Variant: "`\\"
Value: "[bb"
Variant: "[bb"
Value: false
Variant: false
Value: PPPPP {l7 = true; jnnnnn = (-3); j_ = 0.588774252683; jMM = (-9)}
Variant: PPPPP{l7 = true; jnnnnn = -3; j_ = 0.588774252683;
jMM = -9}
Value: false
Variant: false
Value: (-9)
Variant: -9
Value: "AXIR\\FHc"
Variant: "AXIR\\FHc"
Value: (-13)
Variant: -13
Value: ""
Variant: ""
Value: (-7)
Variant: -7
Value: [|(-16.2004753947); 4.59838315845|]
Variant: [|-16.2004753947;
4.59838315845|]
Value: M44444
Variant: M44444
Value: 5.63804747723
Variant: 5.63804747723
Value: 17
Variant: 17
Value: ()
Variant: ()
Value: (-10)
Variant: -10
Value: 20.1014637966
Variant: 20.1014637966
Value: (-15)
Variant: -15
Value: (-12.0711640399)
Variant: -12.0711640399
Value: {mQ = [|None; None|]; ik = (-8); o = 4.1271963343}
Variant: {mQ = [|None; None|]; ik = -8;
o = 4.1271963343}
Value: false
Variant: false
Value: (-3)
Variant: -3
Value: true
Variant: true
Value: (-12.6130282078)
Variant: -12.6130282078
Value: ["bD@_Y"; "KGJ`a"; ">\\HU]U?[>"; "?@HCXR@"; "A@E"; "aPbEaPE";
         "=DGESGP"; "VD"; "UTFOLJR"; "@FQ"]
Variant: ["bD@_Y"; "KGJ`a"; ">\\HU]U?[>"; "?@HCXR@"; "A@E"; "aPbEaPE";
          "=DGESGP"; "VD"; "UTFOLJR"; "@FQ"]
Value: ()
Variant: ()
Value: None
Variant: None
Value: 0
Variant: 0
Value: (-6.28919109888)
Variant: -6.28919109888
Value: 9
Variant: 9
Value: 0.951435405761
Variant: 0.951435405761
Value: (-10.6850178726)
Variant: -10.6850178726
Value: (-8)
Variant: -8
Value: false
Variant: false
Value: {g____ = "F>SIaQBcR";
        m__ = (-1);
        f___ = None;
        lGGGG = (-19.6905034035);
        tHHHHHH = 18}
Variant: {g____ = "F>SIaQBcR"; m__ = -1; f___ = None; lGGGG = -19.6905034035;
tHHHHHH = 18}
Value: (-20.4371208083)
Variant: -20.4371208083
Value: (-12)
Variant: -12
Value: 20.7989972848
Variant: 20.7989972848
Value: false
Variant: false
Value: (-17)
Variant: -17
Value: false
Variant: false
Value: (-4)
Variant: -4
Value: 3.23514262587
Variant: 3.23514262587
Value: (-3)
Variant: -3
Value: 3.65978926979
Variant: 3.65978926979
Value: 21
Variant: 21
Value: (-18.275598865)
Variant: -18.275598865
Value: None
Variant: None
Value: [|3; 3; (-6); (-7); 1; 12|]
Variant: [|3; 3; -6; -7; 1;
12|]
Value: {lGGGG = (-11.7468768731);
        c_____ = "^[MC_S_BGW";
        feeeeee = "TCG_AO?F"}
Variant: {lGGGG = -11.7468768731; c_____ = "^[MC_S_BGW";
feeeeee = "TCG_AO?F"}
Value: {c_ = 5}
Variant: {c_ = 5}
Value: [|5; 14; (-18)|]
Variant: [|5; 14; -18|]
Value: 2.4673295673
Variant: 2.4673295673
Value: 9
Variant: 9
Value: ""
Variant: ""
Value: [|9.19765368104; 0.436078570783; (-17.9861693084); 13.877467066;
         10.8773171902; (-9.69149067998); 3.30138877034; (-1.75930771977);
         inf|]
Variant: [|9.19765368104; 0.436078570783; -17.9861693084; 13.877467066;
10.8773171902; -9.69149067998; 3.30138877034; -1.75930771977;
inf|]
Value: "NbFV"
Variant: "NbFV"
Value: "CLMC^AWZI="
Variant: "CLMC^AWZI="
Value: JLLLL
        {kEEEEE = 5.3033185564;
        pffff = ();
        i___ = false;
        n______ = (-2);
        wU = (-9)}
Variant: JLLLL{kEEEEE = 5.3033185564; pffff = (); i___ = false; n______ = -2;
wU = -9}
Value: 3.16619642638
Variant: 3.16619642638
Value: true
Variant: true
Value: "GI_MJ;^"
Variant: "GI_MJ;^"
Value: "V;"
Variant: "V;"
Value: ["WO>P"; ""; "HJ;CHZ"; ""; "HI`"]
Variant: ["WO>P"; ""; "HJ;CHZ"; ""; "HI`"]
Value: 20.8725081906
Variant: 20.8725081906
Value: (-13)
Variant: -13
Value: (-12.4323925283)
Variant: -12.4323925283
Value: false
Variant: false
Value: (-3.02509850822)
Variant: -3.02509850822
Value: 6.26284079254
Variant: 6.26284079254
Value: ()
Variant: ()
Value: false
Variant: false
Value: false
Variant: false
Value: (-20.3047492951)
Variant: -20.3047492951
Value: [(-9.61243759841); (-0.140938833356); 3.2201346755; 8.04645750672;
         0.858969539404; 19.5585103706; 15.0926241279; 13.6114919931]
Variant: [-9.61243759841; -0.140938833356; 3.2201346755; 8.04645750672;
0.858969539404; 19.5585103706; 15.0926241279;
13.6114919931]
Value: true
Variant: true
Value: false
Variant: false
Value: 20.3505949862
Variant: 20.3505949862
Value: O______
        {m____ = "HRTQE";
        t_ = "";
        ebbbbb = Naaaa {gyyy = (-1.55866821855)};
        zHHH = (-5.46629844233);
        oOOOOO = [true; true; true]}
Variant: O______
          {m____ = "HRTQE"; t_ = ""; ebbbbb = Naaaa{gyyy = -1.55866821855};
zHHH = -5.46629844233;
oOOOOO = [true; true; true]}
Value: true
Variant: true
Value: 0
Variant: 0
Value: (-2.72491875105)
Variant: -2.72491875105
Value: "aUHR:LcC^"
Variant: "aUHR:LcC^"
Value: "PMXG;@NOF"
Variant: "PMXG;@NOF"
Value: [[|(-15.1143200938); (-11.5815073177); (-14.6751835123);
          (-13.7972129006); 5.35589084029; (-4.39458201081);
          (-15.5715362485); (-17.3144841865); 9.43891131878|];
         [|15.3645509817; (-10.8036041819); (-18.8303350694); 11.9732911326;
           (-4.95779446512)|];
         [|(-18.0315821171); (-10.7100811787); (-4.90605787188);
           2.37356212921|];
         [|1.8894089628; 8.56656149402; 12.9392622393; (-18.9878020752)|]]
Variant: [[|-15.1143200938; -11.5815073177; -14.6751835123; -13.7972129006;
5.35589084029; -4.39458201081; -15.5715362485; -17.3144841865;
9.43891131878|]; [|15.3645509817; -10.8036041819; -18.8303350694;
11.9732911326; -4.95779446512|]; [|-18.0315821171; -10.7100811787;
-4.90605787188; 2.37356212921|];
[|1.8894089628; 8.56656149402; 12.9392622393; -18.9878020752|]]
Value: true
Variant: true
Value: 3.31908103265
Variant: 3.31908103265
Value: 1
Variant: 1
